$# Creating journal file D:\FEAlearning\cquad4_kf\cquad4_kf.db.jou at 
$# 18-Aug-25 12:44:57
uil_file_rebuild.start("D:\Patran_Nastran\Patran2019_download/template.db", @
"D:\FEAlearning\cquad4_kf\cquad4_kf.db")
$# Synchronizing the User Data Manager
set_current_dir( "D:\FEAlearning\cquad4_kf" )
$# The current working directory has been changed to the database location 
$# shown.                                                                     
$#                                                                            
$#                                   
ga_viewport_location_set( "default_viewport", -2.015256, 0.031988, 1 )
ga_viewport_location_set( "default_viewport", 0.000000, 0.000000, 1 )
STRING asm_create_patch_xy_created_ids[VIRTUAL]
asm_const_patch_xyz( "1", "<5 1 0>", "[0 0 0]", "Coord 0",  @
asm_create_patch_xy_created_ids )
$# 1 Patch created: Patch 1
ui_exec_function( "mesh_seed_display_mgr", "init" )
mesh_seed_create( "Surface 1.2", 1, 2, 0., 0., 0. )
mesh_seed_create( "Surface 1.2", 1, 2, 0., 0., 0. )
mesh_seed_create( "Surface 1.3", 1, 2, 0., 0., 0. )
mesh_seed_create( "Surface 1.3", 1, 2, 0., 0., 0. )
mesh_seed_create( "Surface 1.4", 1, 2, 0., 0., 0. )
mesh_seed_create( "Surface 1.1", 1, 2, 0., 0., 0. )
mesh_seed_create( "Surface 1.1", 1, 2, 0., 0., 0. )
INTEGER fem_create_mesh_surfa_num_nodes
INTEGER fem_create_mesh_surfa_num_elems
STRING fem_create_mesh_s_nodes_created[VIRTUAL]
STRING fem_create_mesh_s_elems_created[VIRTUAL]
fem_create_mesh_surf_4( "IsoMesh", 49152, "Surface 1", 1, ["0.333333"],  @
"Quad4", "#", "#", "Coord 0", "Coord 0", fem_create_mesh_surfa_num_nodes,  @
fem_create_mesh_surfa_num_elems, fem_create_mesh_s_nodes_created,  @
fem_create_mesh_s_elems_created )
$# 9 nodes and 4 elements created for Surface 1.
$# === 9 nodes created.  IDs  = 1:9.
$# === 4 elements created.  IDs  = 1:4.
mesh_seed_display_mgr.erase(  )
loadsbcs_create2( "fix", "Displacement", "Nodal", "", "Static", ["Node 1:7:3"] @
, "FEM", "Coord 0", "1.", ["<0 0 0     >", "<0 0 0     >", "<     >",  @
"<     >"], ["", "", "", ""] )
$# Load/BC set "fix" created.
loadsbcs_create2( "force", "Force", "Nodal", "", "Static", ["Node 9"], "FEM",  @
"Coord 0", "1.", ["<1000,1000,1000     >", "<0,0,0     >", "<     >",  @
"<     >"], ["", "", "", ""] )
$# Load/BC set "force" created.
ga_view_aa_set( 24.526972, -55.392372, 15.375973 )
ga_view_aa_set( 2.720073, -0.479540, 3.000693 )
ga_view_aa_set( 25.720070, -0.479540, 3.000694 )
ga_view_aa_set( -5.205982, 15.369066, 1.501204 )
material.create( "Analysis code ID", 1, "Analysis type ID", 1, "material", 0,  @
"Date: 18-Aug-25           Time: 12:50:07", "Isotropic", 1, "Directionality",  @
1, "Linearity", 1, "Homogeneous", 0, "Linear Elastic", 1,  @
"Model Options & IDs", ["", "", "", "", ""], [0, 0, 0, 0, 0], "Active Flag",  @
1, "Create", 10, "External Flag", FALSE, "Property IDs", ["Elastic Modulus",  @
"Poisson Ratio"], [2, 5, 0], "Property Values", ["2e11", "0.3", ""] )
elementprops_create( "pshell", 51, 25, 35, 1, 1, 20, [13, 20, 36, 4037, 4111,  @
4118, 4119, 8111, 4401, 4402, 4403, 4404, 4405, 4406, 4407, 4408, 4409], [5,  @
9, 1, 1, 1, 1, 1, 4, 4, 1, 1, 1, 1, 1, 1, 4, 4], ["m:material", "", "0.1", "", @
 "", "", "", "", "", "", "", "", "", "", "", "", ""], "Surface 1" )
$# Property Set "pshell" created.
$# Warning reported from application APP INTERFACES
$#     The selected result type already exists.
mscnastran_subcase.create( "101", "Default", "This is a default subcase." )
mscnastran_subcase.create_char_param( "LOAD CASE", "Default" )
mscnastran_subcase.create_char_param( "SUBCASE TITLE",  @
"This is a default subcase." )
mscnastran_subcase.create_char_param( "SUBCASE SUBTITLE", "Default" )
mscnastran_subcase.create_char_param( "SUBCASE LABEL",  @
"This load case is the default load case that always appears" )
mscnastran_subcase.create_char_param( "SUBCASE TITLE FLAG", "OFF" )
mscnastran_subcase.create_char_param( "SUBCASE SUBTITLE FLAG", "ON" )
mscnastran_subcase.create_char_param( "SUBCASE LABEL FLAG", "OFF" )
mscnastran_subcase.create_char_param( "Default", "STRUCTURAL" )
mscnastran_subcase.create_char_param( "DISPLACEMENTS", "1" )
mscnastran_subcase.create_char_param( "DISPLACEMENTS 1",  @
"DISPLACEMENT(SORT1,REAL)=0" )
mscnastran_subcase.create_char_param( "ELEMENT STRESSES", "1" )
mscnastran_subcase.create_char_param( "ELEMENT STRESSES 1",  @
"STRESS(SORT1,REAL,VONMISES,BILIN)=0;PARAM,NOCOMPS,1" )
mscnastran_subcase.create_char_param( "CONSTRAINT FORCES", "1" )
mscnastran_subcase.create_char_param( "CONSTRAINT FORCES 1",  @
"SPCFORCES(SORT1,REAL)=0" )
mscnastran_subcase.create_char_param( "SUBCASE WRITE", "ON" )
mscnastran_subcase.create_char_param( "SUBCASE DIRECT TEXT POS", "OFF" )
mscnastran_subcase.create_int_param( "SUBCASE INPUT 0", 0 )
mscnastran_subcase.create_char_param( "INCREMENT TYPE CODE SOL 101",  @
"LCNTSTAT" )
mscnastran_subcase.create_char_param( "INCREMENT TYPE SOL 101",  @
"Linear Contact (LCNT)" )
mscnastran_subcase.create_char_param( "ANALYSIS PREFERENCE CTRLDEF SOL 101",  @
"Default (Blank)" )
mscnastran_subcase.create_char_param( "PERFORM ERROR ANALYSIS", "ON" )
mscnastran_subcase.create_char_param( "ROTOR DYNAMICS", "" )
mscnastran_subcase.create_char_param( "ALL EXPLICIT MPCS", "ON" )
mscnastran_subcase.create( "101", "Default", "This is a default subcase." )
$# Question from application APP INTERFACES
$#     Subcase "Default" already exists.  Do you wish to delete the existing 
$# subcase and create a new one?
$? YES 6022070 
mscnastran_subcase.create_char_param( "LOAD CASE", "Default" )
mscnastran_subcase.create_char_param( "SUBCASE TITLE",  @
"This is a default subcase." )
mscnastran_subcase.create_char_param( "SUBCASE SUBTITLE", "Default" )
mscnastran_subcase.create_char_param( "SUBCASE LABEL",  @
"This load case is the default load case that always appears" )
mscnastran_subcase.create_char_param( "SUBCASE TITLE FLAG", "OFF" )
mscnastran_subcase.create_char_param( "SUBCASE SUBTITLE FLAG", "ON" )
mscnastran_subcase.create_char_param( "SUBCASE LABEL FLAG", "OFF" )
mscnastran_subcase.create_char_param( "Default", "STRUCTURAL" )
mscnastran_subcase.create_char_param( "DISPLACEMENTS", "1" )
mscnastran_subcase.create_char_param( "DISPLACEMENTS 1",  @
"DISPLACEMENT(SORT1,REAL)=0" )
mscnastran_subcase.create_char_param( "ELEMENT STRESSES", "1" )
mscnastran_subcase.create_char_param( "ELEMENT STRESSES 1",  @
"STRESS(SORT1,REAL,VONMISES,BILIN)=0;PARAM,NOCOMPS,1" )
mscnastran_subcase.create_char_param( "CONSTRAINT FORCES", "1" )
mscnastran_subcase.create_char_param( "CONSTRAINT FORCES 1",  @
"SPCFORCES(SORT1,REAL)=0" )
mscnastran_subcase.create_char_param( "SUBCASE WRITE", "ON" )
mscnastran_subcase.create_char_param( "SUBCASE DIRECT TEXT POS", "OFF" )
mscnastran_subcase.create_int_param( "SUBCASE INPUT 0", 0 )
mscnastran_subcase.create_char_param( "INCREMENT TYPE CODE SOL 101",  @
"LCNTSTAT" )
mscnastran_subcase.create_char_param( "INCREMENT TYPE SOL 101",  @
"Linear Contact (LCNT)" )
mscnastran_subcase.create_char_param( "ANALYSIS PREFERENCE CTRLDEF SOL 101",  @
"Default (Blank)" )
mscnastran_subcase.create_char_param( "PERFORM ERROR ANALYSIS", "ON" )
mscnastran_subcase.create_char_param( "ROTOR DYNAMICS", "" )
mscnastran_subcase.create_char_param( "ALL EXPLICIT MPCS", "ON" )
$#  Beginning analysis of  cquad4_kf
jobfile.open( "cquad4_kf", "ANALYZE NO JOBFILE" )
msc_delete_old_files( "cquad4_kf", ".bdf", ".op2" )
jobfile.write_spl( "/* Jobfile for PATNAS created %A% at %A% */", ["18-Aug-25" @
, "12:53:08"] )
jobfile.writec( "", "TRANSLATOR = pat3nas" )
jobfile.writec( "DATABASE", "D:\FEAlearning\cquad4_kf\cquad4_kf.db" )
jobfile.writec( "JOBNAME", "cquad4_kf" )
jobfile.writec( "ANALYSIS TITLE", "MSC.Nastran job created on 18-Aug-25 at" // @
" 12:52:06" )
jobfile.writec( "ANALYSIS SUBTITLE", "" )
jobfile.writec( "ANALYSIS LABEL", "" )
jobfile.writec( "", "" )
jobfile.writec( "OBJECT", "Entire Model" )
jobfile.writec( "METHOD", "Full Run" )
jobfile.writec( "", "" )
jobfile.writec( "MODEL SUFFIX", ".bdf" )
jobfile.writec( "RESULTS SUFFIX", ".op2" )
jobfile.writec( "", "" )
jobfile.writec( "", "/*" )
jobfile.writec( "", " * File Search Path Declaration" )
jobfile.writec( "", " */" )
jobfile.writec( "", "" )
jobfile.writec( "File Search Path", "C:\Users\WXJ" )
jobfile.writec( "File Search Path", "D:\Patran_Nastran\Patran2019_download" )
jobfile.writec( "File Search Path", "D:\Patran_Nastran\Patran2019_download" // @
"\helpfiles" )
jobfile.writec( "File Search Path", "D:\Patran_Nastran\Patran2019_download" // @
"\alters" )
jobfile.writec( "File Search Path", "D:\Patran_Nastran\Patran2019_download" // @
"\icons" )
jobfile.writec( "File Search Path", "D:\Patran_Nastran\Patran2019_download" // @
"\icons\RibbonIcons" )
jobfile.writec( "File Search Path", "D:\Patran_Nastran\Patran2019_download" // @
"\bin" )
jobfile.writec( "File Search Path", "D:\Patran_Nastran\Patran2019_download" // @
"\bin\exe" )
jobfile.writec( "File Search Path", "D:\Patran_Nastran\Patran2019_download" // @
"\mscexplore_files\" )
jobfile.writec( "File Search Path", "D:\Patran_Nastran\Patran2019_download" // @
"\mscprocor_files\dmap" )
jobfile.writec( "File Search Path", "D:\Patran_Nastran\Patran2019_download" // @
"\mscprocor_files\plb" )
jobfile.writec( "File Search Path", "D:\Patran_Nastran\Patran2019_download" // @
"\mscprocor_files\lib" )
jobfile.writec( "File Search Path", "D:\Patran_Nastran\Patran2019_download" // @
"\mscprocor_files\icons" )
jobfile.writec( "File Search Path", "D:\Patran_Nastran\Patran2019_download" // @
"\shareware\msc\unsupported\utilities\icons" )
jobfile.writec( "File Search Path", "D:\Patran_Nastran\Patran2019_download" // @
"\shareware\msc\unsupported\utilities\plb" )
jobfile.writec( "File Search Path", "D:\Patran_Nastran\Patran2019_download" // @
"\shareware\msc\unsupported\utilities\extra_files" )
jobfile.writec( "", "" )
jobfile.writec( "", "/*" )
jobfile.writec( "", " * Translation Parameters" )
jobfile.writec( "", " */" )
jobfile.writec( "", "" )
jobfile.writec( "DATA OUTPUT", "HDF5+PRINT" )
jobfile.writec( "OUTPUT2 REQUESTS", "P3 Built In" )
jobfile.writec( "OUTPUT2 FORMAT", "Binary" )
jobfile.writec( "DIVISION TOLERANCE", "1.0e-08" )
jobfile.writec( "NUMERICAL TOLERANCE", "1.0e-04" )
jobfile.writec( "WRITING TOLERANCE", "1.0e-21" )
jobfile.writec( "GEOM CHECK", "INFORM" )
jobfile.writec( "SORTED BULK", "NO" )
jobfile.writec( "CARD FORMAT", "either" )
jobfile.writec( "NODE COORDINATES", "reference frame" )
jobfile.writec( "COORD COORDINATES", "global" )
jobfile.writec( "MSC.Nastran VERSION", "2019." )
jobfile.writec( "WRITE STORED PRECISION", "TRUE" )
jobfile.writec( "PROPS ON ELEM ENTRY", "FALSE" )
jobfile.writec( "CONTINUATION ENTRY", "FALSE" )
jobfile.writec( "PCOMPG ENTRY", "TRUE" )
jobfile.writec( "CONVERT CBAR CBEAM", "FALSE" )
jobfile.writec( "ITERATIVE SOLVER", "FALSE" )
jobfile.writei( "SUPER ELEMENT 0", 0 )
jobfile.writec( "SEALL WRITE", "FALSE" )
jobfile.writec( "PART SUPERELEMENT CREATE", "TRUE" )
jobfile.writec( "AUTOQSET", "FALSE" )
jobfile.writec( "FIXEDB", "FALSE" )
jobfile.writei( "SUPER TREE COUNT", 0 )
jobfile.writec( "MODEL TOLERANCE", "0.0049999999" )
jobfile.writec( "ELEMENT PROPERTY OFFSET", "0" )
jobfile.writec( "MATERIAL PROPERTY OFFSET", "0" )
jobfile.writec( "TABLE OFFSET", "0" )
jobfile.writec( "LOAD SET OFFSET", "0" )
jobfile.writec( "LOAD CASE OFFSET", "0" )
jobfile.writec( "CONTROL SET OFFSET", "0" )
jobfile.writec( "RIGID ELEMENT OFFSET", "0" )
jobfile.writec( "SCALAR POINT OFFSET", "0" )
jobfile.writec( "BEGINNING CONTINUATION MARKER", "+      A" )
jobfile.writec( "NUMBER ONLY", "ON" )
jobfile.writec( "BEGINNING NUMBER", "OFF" )
jobfile.writec( "TRAILING NUMBER", "OFF" )
jobfile.writec( "SYNTAX NUMBER", "ON" )
jobfile.writec( "SYNTAX MARKER", "." )
jobfile.writec( "EXTERNAL SUPERELEMENT METHOD", "NONE" )
jobfile.writec( "GRID COORDINATES ROUNDING", "15" )
jobfile.writec( "COORD DATA PRECISION ROUNDING", "15" )
jobfile.writec( "MPC DATA PRECISION ROUNDING", "15" )
jobfile.writec( "LBC DATA PRECISION ROUNDING", "7" )
jobfile.writec( "MAT DATA PRECISION ROUNDING", "15" )
jobfile.writec( "PROP DATA PRECISION ROUNDING", "7" )
jobfile.writec( "", "" )
jobfile.writec( "", "/*" )
jobfile.writec( "", " * Solution Parameters" )
jobfile.writec( "", " */" )
jobfile.writec( "", "" )
jobfile.writec( "SOLUTION TYPE", "LINEAR STATIC" )
jobfile.writei( "SOLUTION SEQUENCE", 101 )
jobfile.writec( "DATABASE RUN", "ON" )
jobfile.writec( "CYCLIC SYMMETRY", "OFF" )
jobfile.writec( "AUTOMATIC CONSTRAINTS", "ON" )
jobfile.writec( "INERTIA RELIEF", "OFF" )
jobfile.writec( "ALTERNATE REDUCTION", "OFF" )
jobfile.writec( "SHELL NORMAL TOLERANCE", "" )
jobfile.writec( "MASS CALCULATION", "Lumped" )
jobfile.writec( "DATA DECK ECHO", "None" )
jobfile.writec( "PLATE RZ STIFFNESS FACTOR", "100.0" )
jobfile.writec( "MAXIMUM PRINTED LINES", "" )
jobfile.writec( "MAXIMUM RUN TIME", "" )
jobfile.writec( "WT-MASS CONVERSION", "1.0" )
jobfile.writec( "NODE ID FOR WT-GENER", "" )
jobfile.writec( "RIGID ELEMENT TYPE", "LINEAR" )
jobfile.writec( "USE SOL600", "OFF" )
jobfile.writei( "CONTACT-SEGMENT-CONTROL METHOD", 0 )
jobfile.writei( "CONTACT-DEFORMABLE-DEFORMABLE METHOD", 0 )
jobfile.writec( "CONTACT CHECK", "OFF" )
jobfile.writei( "CONTACT-CRITERION", 0 )
jobfile.writei( "CONTACT-DERIVATION", 0 )
jobfile.writei( "CONTACT-REL_ABS", 0 )
jobfile.writec( "USE SOL700", "OFF" )
jobfile.writec( "SN MEAN STRESS CORRECTION", "NONE" )
jobfile.writec( "NEF FATIGUE STRESS OUTPUT", "NONE" )
jobfile.writec( "NEF STRESS UNITS", "MPA" )
jobfile.writec( "NEF STRESS COMBINATION", "ABSMAXPR" )
jobfile.writec( "NEF RESULT LOCATION", "NODA" )
jobfile.writec( "NEF RECOVERY LOCATION", "CORNER" )
jobfile.writec( "NEF LAYER LOCATION", "WORST" )
jobfile.writec( "NEF INTERPOLATION LIMIT", "0" )
jobfile.writec( "NEF LEVEL OF MESSAGE", "0" )
jobfile.writec( "NEF NUMBER OF THREADS", "1" )
jobfile.writer( "NEF CERTAINTY OF SURVIVAL", 50. )
jobfile.writer( "NEF OVERALL SCALE FACTOR", 1. )
jobfile.writer( "NEF TOP STRESS PERCENTAGE FILTER", 100. )
jobfile.writer( "NEF TOP DAMAGE PERCENTAGE FILTER", 100. )
jobfile.writec( "NEF TIME HISTORY DIRECTORY", "C:\Users\WXJ" )
jobfile.writei( "NEF MAX LOAD PER EVENT", 1 )
jobfile.writec( "NEF EVENT DATA", "0" )
jobfile.writec( "NEF LOAD SEQUENCE DATA", "0" )
jobfile.writec( "USE CONTACT TABLE", "OFF" )
jobfile.writec( "INITIAL CONTACTPAIR LOADCASE NAME", "" )
jobfile.writei( "MDOF DATA", 0 )
jobfile.writec( "CELL WRITE", "ON" )
jobfile.writei( "CELL INPUT 0", 0 )
jobfile.writec( "FMS WRITE", "ON" )
jobfile.writei( "FMS INPUT 0", 0 )
jobfile.writec( "EXEC WRITE", "ON" )
jobfile.writei( "EXEC INPUT 0", 0 )
jobfile.writec( "CASE WRITE", "ON" )
jobfile.writei( "CASE INPUT 0", 0 )
jobfile.writec( "BULK WRITE", "ON" )
jobfile.writei( "BULK INPUT 0", 0 )
jobfile.writec( "CELL DTI POSITION", "START" )
jobfile.writec( "FMS DTI POSITION", "START" )
jobfile.writec( "EXEC DTI POSITION", "START" )
jobfile.writec( "CASE DTI POSITION", "START" )
jobfile.writec( "BULK DTI POSITION", "START" )
jobfile.writec( "", "END" )
jobfile.close(  )
mscnastran_job.associate_subcases( "101", "cquad4_kf", 1, ["Default"] )
analysis_submit_2( "MSC.Nastran", "cquad4_kf" )
$# Patran 2019 has obtained 1 concurrent license(s) from FLEXlm per a request 
$# to execute on Windows node DESKTOP-DO1LNEH(0a002700000d) (Windows 6.2 (
$# Build 9200: Service Pack 0)) at 18-Aug-25 12:53:08.
$# 
$# Reading model information from the specified database, 
$# D:\FEAlearning\cquad4_kf\cquad4_kf.db.
$# Messages output from the Patran 2019 input deck translator on August    18,
$#  2025 at 12:53:08.
$# 
$# The NASTRAN input file, cquad4_kf.bdf, has been successfully opened.
$# 
$# Translating 4 elements from the element property region pshell.
$# 
$# 1 property regions translated.
$# 
$# Translating 1 referenced material records.
$# 
$# Translating 9 nodes from the entire model.
$# 
$# Writing loads for Load Case : Default.
$# 
$# Translating nodal constraints in load set : fix.
$# Writing interface element lbcs.
$# 
$# Translating nodal forces in load set : force.
$# 
$# Translating nodal forces in load set : force.
$# Total execution time in real seconds: 0.01
$# Total execution time in CPU seconds: 0.0299997
$# 
$# End of NASTRAN input file translation.
$# Patran Nastran Preference Patran 2019 has released 1 license(s) to FLEXlm 
$# at 18-Aug-25 12:53:08.
$# The translation has completed successfully.
$# Executing /bin/sh -c 
$# D:\Patran_Nastran\Patran2019_download\bin\MscNastranExecute
$# .exe -j cquad4_kf -m bdf -x 2019 -v
msc_dra_init_stream(  )
msc_dra_add_param( "DATABASE", "D:\FEAlearning\cquad4_kf\cquad4_kf.db" )
msc_dra_add_param( "JOBNAME", "cquad4_kf" )
msc_dra_add_param( "RESULTS FILE", "D:\FEAlearning\cquad4_kf\cquad4_kf.h5" )
msc_dra_add_param( "OBJECT", "Result Entities" )
msc_dra_add_param( "ANALYSIS TYPE", "Structural" )
msc_dra_add_param( "DIVISION TOLERANCE", "1.0E-8" )
msc_dra_add_param( "NUMERICAL TOLERANCE", "1.0E-4" )
msc_dra_add_param( "MODEL TOLERANCE", "0.0049999999" )
msc_dra_add_param( "OBJECTIVE FUNCTION", "ON" )
msc_dra_add_param( "DESIGN CONSTRAINTS", "ON" )
msc_dra_add_param( "DESIGN VARIABLES", "ON" )
msc_dra_add_param( "COMBINE RESULTCASES", "ON" )
msc_dra_add_param( "ROTATIONAL NODAL RESULTS", "OFF" )
msc_dra_add_param( "STRESS/STRAIN INVARIANTS", "OFF" )
msc_dra_add_param( "PRINCIPAL DIRECTIONS", "OFF" )
msc_dra_add_param( "CREATE P-ORDER FIELD", "" )
msc_dra_add_param( "ELEMENT RESULTS POSITIONS", "Nodal       " )
msc_dra_add_param( "NASTRAN VERSION", "" )
msc_dra_add_param( "TITLE DESCRIPTION", "ON" )
msc_dra_finish_stream(  )
analysis_import( "MSC.Nastran", "cquad4_kf", "Attach HDF5 Results File",  @
"D:\FEAlearning\cquad4_kf\cquad4_kf.h5", TRUE )
$# Attaching Direct Results Access file: "D:\FEAlearning\cquad4_kf\cquad4_kf.h5"
$# *** Begin: Attach Result File ***
$# Processing result load case: SC1:DEFAULT
$# Processing result sub-case: Static subcase
$# Total execution time in real seconds:        0.000
$# Total execution time in CPU  seconds:        0.000
$# *** End:   Attach Result File ***
res_display_tool_unpost( "Deformation", "default_Deformation" )
res_data_load_dbresult( 0, "Nodal", "Scalar", "SC1:DEFAULT",  @
"A1:Static subcase", "Displacements", "Translational", "(NON-LAYERED)", "MAG", @
 "Default", "DeriveAverage", "All", "ShapeFunc" )
res_data_title( 0, "Nodal", "Scalar", 1, [ @
"$POFF@@@$PT: @@@$LCN, @@@$SCN, @@@$PRN, @@@$SRN, @@@$DRVL, @@@$LN "] )
res_display_fringe_create( "", "FreeFaces", 0, [""], 12, [ @
"Range:Fri_default_Fringe", "RangeOverwrite:ON", "FringeStyle:Discrete/Smooth" @
, "Shade:None", "ElemEdge:FreeEdge,Blue,Solid,1", "Shrink:0",  @
"TitleDisplay:ON", "MinMaxDisplay:ON", "ValueDisplay:OFF", "Filter:None",  @
"ScaleFactor:1.", "LabelStyle:Exponential, 12, White, 3"], TRUE )
res_display_fringe_post( "", 0, "Nodal", TRUE, TRUE )
$# Flushing the User Data Manager
$# Journal file stopped recording at 18-Aug-25 12:55:19
